Archive member included to satisfy reference by file (symbol)

c:/program files (x86)/atmel/studio/7.0/toolchain/avr8/avr8-gnu-toolchain/bin/../lib/gcc/avr/5.4.0/../../../../avr/lib/avr5\libm.a(addsf3.o)
                              MCAL/TIMER1/TIMER1_PROGRAM.o (__subsf3)
c:/program files (x86)/atmel/studio/7.0/toolchain/avr8/avr8-gnu-toolchain/bin/../lib/gcc/avr/5.4.0/../../../../avr/lib/avr5\libm.a(addsf3x.o)
                              c:/program files (x86)/atmel/studio/7.0/toolchain/avr8/avr8-gnu-toolchain/bin/../lib/gcc/avr/5.4.0/../../../../avr/lib/avr5\libm.a(addsf3.o) (__addsf3x)
c:/program files (x86)/atmel/studio/7.0/toolchain/avr8/avr8-gnu-toolchain/bin/../lib/gcc/avr/5.4.0/../../../../avr/lib/avr5\libm.a(divsf3.o)
                              MCAL/TIMER1/TIMER1_PROGRAM.o (__divsf3)
c:/program files (x86)/atmel/studio/7.0/toolchain/avr8/avr8-gnu-toolchain/bin/../lib/gcc/avr/5.4.0/../../../../avr/lib/avr5\libm.a(divsf3x.o)
                              c:/program files (x86)/atmel/studio/7.0/toolchain/avr8/avr8-gnu-toolchain/bin/../lib/gcc/avr/5.4.0/../../../../avr/lib/avr5\libm.a(divsf3.o) (__divsf3x)
c:/program files (x86)/atmel/studio/7.0/toolchain/avr8/avr8-gnu-toolchain/bin/../lib/gcc/avr/5.4.0/../../../../avr/lib/avr5\libm.a(fixunssfsi.o)
                              APP/main.o (__fixunssfsi)
c:/program files (x86)/atmel/studio/7.0/toolchain/avr8/avr8-gnu-toolchain/bin/../lib/gcc/avr/5.4.0/../../../../avr/lib/avr5\libm.a(floatsisf.o)
                              MCAL/ADC/ADC_PROGRAM.o (__floatunsisf)
c:/program files (x86)/atmel/studio/7.0/toolchain/avr8/avr8-gnu-toolchain/bin/../lib/gcc/avr/5.4.0/../../../../avr/lib/avr5\libm.a(fp_inf.o)
                              c:/program files (x86)/atmel/studio/7.0/toolchain/avr8/avr8-gnu-toolchain/bin/../lib/gcc/avr/5.4.0/../../../../avr/lib/avr5\libm.a(addsf3x.o) (__fp_inf)
c:/program files (x86)/atmel/studio/7.0/toolchain/avr8/avr8-gnu-toolchain/bin/../lib/gcc/avr/5.4.0/../../../../avr/lib/avr5\libm.a(fp_nan.o)
                              c:/program files (x86)/atmel/studio/7.0/toolchain/avr8/avr8-gnu-toolchain/bin/../lib/gcc/avr/5.4.0/../../../../avr/lib/avr5\libm.a(addsf3x.o) (__fp_nan)
c:/program files (x86)/atmel/studio/7.0/toolchain/avr8/avr8-gnu-toolchain/bin/../lib/gcc/avr/5.4.0/../../../../avr/lib/avr5\libm.a(fp_pscA.o)
                              c:/program files (x86)/atmel/studio/7.0/toolchain/avr8/avr8-gnu-toolchain/bin/../lib/gcc/avr/5.4.0/../../../../avr/lib/avr5\libm.a(addsf3x.o) (__fp_pscA)
c:/program files (x86)/atmel/studio/7.0/toolchain/avr8/avr8-gnu-toolchain/bin/../lib/gcc/avr/5.4.0/../../../../avr/lib/avr5\libm.a(fp_pscB.o)
                              c:/program files (x86)/atmel/studio/7.0/toolchain/avr8/avr8-gnu-toolchain/bin/../lib/gcc/avr/5.4.0/../../../../avr/lib/avr5\libm.a(addsf3x.o) (__fp_pscB)
c:/program files (x86)/atmel/studio/7.0/toolchain/avr8/avr8-gnu-toolchain/bin/../lib/gcc/avr/5.4.0/../../../../avr/lib/avr5\libm.a(fp_round.o)
                              c:/program files (x86)/atmel/studio/7.0/toolchain/avr8/avr8-gnu-toolchain/bin/../lib/gcc/avr/5.4.0/../../../../avr/lib/avr5\libm.a(addsf3.o) (__fp_round)
c:/program files (x86)/atmel/studio/7.0/toolchain/avr8/avr8-gnu-toolchain/bin/../lib/gcc/avr/5.4.0/../../../../avr/lib/avr5\libm.a(fp_split3.o)
                              c:/program files (x86)/atmel/studio/7.0/toolchain/avr8/avr8-gnu-toolchain/bin/../lib/gcc/avr/5.4.0/../../../../avr/lib/avr5\libm.a(addsf3x.o) (__fp_split3)
c:/program files (x86)/atmel/studio/7.0/toolchain/avr8/avr8-gnu-toolchain/bin/../lib/gcc/avr/5.4.0/../../../../avr/lib/avr5\libm.a(fp_zero.o)
                              c:/program files (x86)/atmel/studio/7.0/toolchain/avr8/avr8-gnu-toolchain/bin/../lib/gcc/avr/5.4.0/../../../../avr/lib/avr5\libm.a(addsf3x.o) (__fp_zero)
c:/program files (x86)/atmel/studio/7.0/toolchain/avr8/avr8-gnu-toolchain/bin/../lib/gcc/avr/5.4.0/../../../../avr/lib/avr5\libm.a(mulsf3.o)
                              APP/main.o (__mulsf3)
c:/program files (x86)/atmel/studio/7.0/toolchain/avr8/avr8-gnu-toolchain/bin/../lib/gcc/avr/5.4.0/../../../../avr/lib/avr5\libm.a(mulsf3x.o)
                              c:/program files (x86)/atmel/studio/7.0/toolchain/avr8/avr8-gnu-toolchain/bin/../lib/gcc/avr/5.4.0/../../../../avr/lib/avr5\libm.a(mulsf3.o) (__mulsf3x)
c:/program files (x86)/atmel/studio/7.0/toolchain/avr8/avr8-gnu-toolchain/bin/../lib/gcc/avr/5.4.0/avr5\libgcc.a(_udivmodhi4.o)
                              RTOS/RTOS_PROGRAM.o (__udivmodhi4)
c:/program files (x86)/atmel/studio/7.0/toolchain/avr8/avr8-gnu-toolchain/bin/../lib/gcc/avr/5.4.0/avr5\libgcc.a(_divmodhi4.o)
                              HAL/LCD/LCD_PROGRAM.o (__divmodhi4)
c:/program files (x86)/atmel/studio/7.0/toolchain/avr8/avr8-gnu-toolchain/bin/../lib/gcc/avr/5.4.0/avr5\libgcc.a(_exit.o)
                              C:/Program Files (x86)/Atmel/Studio/7.0/Packs/atmel/ATmega_DFP/1.7.374/gcc/dev/atmega32/avr5/crtatmega32.o (exit)
c:/program files (x86)/atmel/studio/7.0/toolchain/avr8/avr8-gnu-toolchain/bin/../lib/gcc/avr/5.4.0/avr5\libgcc.a(_copy_data.o)
                              APP/main.o (__do_copy_data)
c:/program files (x86)/atmel/studio/7.0/toolchain/avr8/avr8-gnu-toolchain/bin/../lib/gcc/avr/5.4.0/avr5\libgcc.a(_clear_bss.o)
                              APP/main.o (__do_clear_bss)
c:/program files (x86)/atmel/studio/7.0/toolchain/avr8/avr8-gnu-toolchain/bin/../lib/gcc/avr/5.4.0/avr5\libgcc.a(_umulhisi3.o)
                              APP/main.o (__umulhisi3)

Allocating common symbols
Common symbol       size              file

arr                 0xa               APP/main.o
INT0_ptr            0x2               MCAL/EXT/EXT_PROGRAM.o
arryTasks           0xc               RTOS/RTOS_PROGRAM.o
desired_temp        0x2               APP/main.o
actual_temp_analog  0x4               APP/main.o
T1_CTC_ptr          0x2               MCAL/TIMER1/TIMER1_PROGRAM.o
actual_temp         0x2               APP/main.o
actual_temp_celesius
                    0x1               APP/main.o
INT1_ptr            0x2               MCAL/EXT/EXT_PROGRAM.o
CTC_ptr             0x2               MCAL/TIMER0/TIMER0_PROGRAM.o
OV_ptr              0x2               MCAL/TIMER0/TIMER0_PROGRAM.o

Discarded input sections

 .data          0x00000000        0x0 C:/Program Files (x86)/Atmel/Studio/7.0/Packs/atmel/ATmega_DFP/1.7.374/gcc/dev/atmega32/avr5/crtatmega32.o
 .bss           0x00000000        0x0 C:/Program Files (x86)/Atmel/Studio/7.0/Packs/atmel/ATmega_DFP/1.7.374/gcc/dev/atmega32/avr5/crtatmega32.o
 .text          0x00000000        0x0 APP/main.o
 .data          0x00000000        0x0 APP/main.o
 .bss           0x00000000        0x0 APP/main.o
 .text          0x00000000        0x0 HAL/BUTTONS/BUTTONS_PROGRAM.o
 .data          0x00000000        0x0 HAL/BUTTONS/BUTTONS_PROGRAM.o
 .bss           0x00000000        0x0 HAL/BUTTONS/BUTTONS_PROGRAM.o
 .text          0x00000000        0x0 HAL/EEPROM/EEPROM_PROGRAM.o
 .data          0x00000000        0x0 HAL/EEPROM/EEPROM_PROGRAM.o
 .bss           0x00000000        0x0 HAL/EEPROM/EEPROM_PROGRAM.o
 .text          0x00000000        0x0 HAL/ELEMENTS/ELEMENTS_PROG.o
 .data          0x00000000        0x0 HAL/ELEMENTS/ELEMENTS_PROG.o
 .bss           0x00000000        0x0 HAL/ELEMENTS/ELEMENTS_PROG.o
 .text          0x00000000        0x0 HAL/KEYPAD/KEYPAD_PROGRAM.o
 .data          0x00000000        0x0 HAL/KEYPAD/KEYPAD_PROGRAM.o
 .bss           0x00000000        0x0 HAL/KEYPAD/KEYPAD_PROGRAM.o
 .text.KEYPAD_INIT
                0x00000000       0x5a HAL/KEYPAD/KEYPAD_PROGRAM.o
 .text.KEYPAD_READ
                0x00000000      0x17a HAL/KEYPAD/KEYPAD_PROGRAM.o
 .debug_info    0x00000000      0x48c HAL/KEYPAD/KEYPAD_PROGRAM.o
 .debug_abbrev  0x00000000       0xa1 HAL/KEYPAD/KEYPAD_PROGRAM.o
 .debug_aranges
                0x00000000       0x28 HAL/KEYPAD/KEYPAD_PROGRAM.o
 .debug_ranges  0x00000000       0x18 HAL/KEYPAD/KEYPAD_PROGRAM.o
 .debug_line    0x00000000      0x206 HAL/KEYPAD/KEYPAD_PROGRAM.o
 .debug_str     0x00000000      0x19e HAL/KEYPAD/KEYPAD_PROGRAM.o
 .comment       0x00000000       0x31 HAL/KEYPAD/KEYPAD_PROGRAM.o
 .debug_frame   0x00000000       0x34 HAL/KEYPAD/KEYPAD_PROGRAM.o
 .text          0x00000000        0x0 HAL/LCD/LCD_PROGRAM.o
 .data          0x00000000        0x0 HAL/LCD/LCD_PROGRAM.o
 .bss           0x00000000        0x0 HAL/LCD/LCD_PROGRAM.o
 .text          0x00000000        0x0 HAL/LED/LED_PROGRAM.o
 .data          0x00000000        0x0 HAL/LED/LED_PROGRAM.o
 .bss           0x00000000        0x0 HAL/LED/LED_PROGRAM.o
 .debug_line    0x00000000        0x0 HAL/LED/LED_PROGRAM.o
 .debug_str     0x00000000       0xef HAL/LED/LED_PROGRAM.o
 .comment       0x00000000       0x31 HAL/LED/LED_PROGRAM.o
 .text          0x00000000        0x0 HAL/MOTOR/MOTOR_PROGRAM.o
 .data          0x00000000        0x0 HAL/MOTOR/MOTOR_PROGRAM.o
 .bss           0x00000000        0x0 HAL/MOTOR/MOTOR_PROGRAM.o
 .text.MOTOR_setSpeed
                0x00000000        0x6 HAL/MOTOR/MOTOR_PROGRAM.o
 .text.MOTOR_setDir
                0x00000000       0x2c HAL/MOTOR/MOTOR_PROGRAM.o
 .text.MOTOR_init
                0x00000000       0x16 HAL/MOTOR/MOTOR_PROGRAM.o
 .text.MOTOR_start
                0x00000000       0x22 HAL/MOTOR/MOTOR_PROGRAM.o
 .debug_info    0x00000000      0x236 HAL/MOTOR/MOTOR_PROGRAM.o
 .debug_abbrev  0x00000000       0xe2 HAL/MOTOR/MOTOR_PROGRAM.o
 .debug_loc     0x00000000       0xe2 HAL/MOTOR/MOTOR_PROGRAM.o
 .debug_aranges
                0x00000000       0x38 HAL/MOTOR/MOTOR_PROGRAM.o
 .debug_ranges  0x00000000       0x28 HAL/MOTOR/MOTOR_PROGRAM.o
 .debug_line    0x00000000      0x126 HAL/MOTOR/MOTOR_PROGRAM.o
 .debug_str     0x00000000      0x1d6 HAL/MOTOR/MOTOR_PROGRAM.o
 .comment       0x00000000       0x31 HAL/MOTOR/MOTOR_PROGRAM.o
 .debug_frame   0x00000000       0x60 HAL/MOTOR/MOTOR_PROGRAM.o
 .text          0x00000000        0x0 HAL/Seven_Segment/SS_PROGRAM.o
 .data          0x00000000        0x0 HAL/Seven_Segment/SS_PROGRAM.o
 .bss           0x00000000        0x0 HAL/Seven_Segment/SS_PROGRAM.o
 .text.SS_init  0x00000000       0x32 HAL/Seven_Segment/SS_PROGRAM.o
 .text.SS_setEnable1
                0x00000000        0xa HAL/Seven_Segment/SS_PROGRAM.o
 .text.SS_setEnable2
                0x00000000        0xa HAL/Seven_Segment/SS_PROGRAM.o
 .text.SS_setDisable1
                0x00000000        0xa HAL/Seven_Segment/SS_PROGRAM.o
 .text.SS_setDisable2
                0x00000000        0xa HAL/Seven_Segment/SS_PROGRAM.o
 .text.SS_writeNumber
                0x00000000       0xbc HAL/Seven_Segment/SS_PROGRAM.o
 .debug_info    0x00000000      0x3f1 HAL/Seven_Segment/SS_PROGRAM.o
 .debug_abbrev  0x00000000      0x13f HAL/Seven_Segment/SS_PROGRAM.o
 .debug_loc     0x00000000      0x19a HAL/Seven_Segment/SS_PROGRAM.o
 .debug_aranges
                0x00000000       0x48 HAL/Seven_Segment/SS_PROGRAM.o
 .debug_ranges  0x00000000       0x38 HAL/Seven_Segment/SS_PROGRAM.o
 .debug_line    0x00000000      0x24a HAL/Seven_Segment/SS_PROGRAM.o
 .debug_str     0x00000000      0x23c HAL/Seven_Segment/SS_PROGRAM.o
 .comment       0x00000000       0x31 HAL/Seven_Segment/SS_PROGRAM.o
 .debug_frame   0x00000000       0x84 HAL/Seven_Segment/SS_PROGRAM.o
 .text          0x00000000        0x0 MCAL/ADC/ADC_PROGRAM.o
 .data          0x00000000        0x0 MCAL/ADC/ADC_PROGRAM.o
 .bss           0x00000000        0x0 MCAL/ADC/ADC_PROGRAM.o
 .text          0x00000000        0x0 MCAL/DIO/DIO_PROGRAM.o
 .data          0x00000000        0x0 MCAL/DIO/DIO_PROGRAM.o
 .bss           0x00000000        0x0 MCAL/DIO/DIO_PROGRAM.o
 .text.DIO_setPinPullup
                0x00000000        0x8 MCAL/DIO/DIO_PROGRAM.o
 .text          0x00000000        0x0 MCAL/EXT/EXT_PROGRAM.o
 .data          0x00000000        0x0 MCAL/EXT/EXT_PROGRAM.o
 .bss           0x00000000        0x0 MCAL/EXT/EXT_PROGRAM.o
 .text.EXT1_init
                0x00000000       0x4e MCAL/EXT/EXT_PROGRAM.o
 .text.EXT2_init
                0x00000000       0x1e MCAL/EXT/EXT_PROGRAM.o
 .text.EXT_setCallbackInt1
                0x00000000        0xa MCAL/EXT/EXT_PROGRAM.o
 .text          0x00000000        0x0 MCAL/GI/GI_PROGRAM.o
 .data          0x00000000        0x0 MCAL/GI/GI_PROGRAM.o
 .bss           0x00000000        0x0 MCAL/GI/GI_PROGRAM.o
 .text.GI_disable
                0x00000000        0x8 MCAL/GI/GI_PROGRAM.o
 .text          0x00000000        0x0 MCAL/I2C/I2C_PROGRAM.o
 .data          0x00000000        0x0 MCAL/I2C/I2C_PROGRAM.o
 .bss           0x00000000        0x0 MCAL/I2C/I2C_PROGRAM.o
 .text.I2C_sendData
                0x00000000       0x2a MCAL/I2C/I2C_PROGRAM.o
 .text.I2C_receiveDataAck
                0x00000000       0x2c MCAL/I2C/I2C_PROGRAM.o
 .text.I2C_receiveDataNoAck
                0x00000000       0x2c MCAL/I2C/I2C_PROGRAM.o
 .text          0x00000000        0x0 MCAL/SPI/SPI_PROGRAM.o
 .data          0x00000000        0x0 MCAL/SPI/SPI_PROGRAM.o
 .bss           0x00000000        0x0 MCAL/SPI/SPI_PROGRAM.o
 .text.SPI_init
                0x00000000       0x2e MCAL/SPI/SPI_PROGRAM.o
 .text.SPI_write
                0x00000000       0x1e MCAL/SPI/SPI_PROGRAM.o
 .text.SPI_read
                0x00000000        0x8 MCAL/SPI/SPI_PROGRAM.o
 .debug_info    0x00000000      0x16b MCAL/SPI/SPI_PROGRAM.o
 .debug_abbrev  0x00000000       0xc8 MCAL/SPI/SPI_PROGRAM.o
 .debug_loc     0x00000000       0x4c MCAL/SPI/SPI_PROGRAM.o
 .debug_aranges
                0x00000000       0x30 MCAL/SPI/SPI_PROGRAM.o
 .debug_ranges  0x00000000       0x20 MCAL/SPI/SPI_PROGRAM.o
 .debug_line    0x00000000       0xf8 MCAL/SPI/SPI_PROGRAM.o
 .debug_str     0x00000000      0x180 MCAL/SPI/SPI_PROGRAM.o
 .comment       0x00000000       0x31 MCAL/SPI/SPI_PROGRAM.o
 .debug_frame   0x00000000       0x4c MCAL/SPI/SPI_PROGRAM.o
 .text          0x00000000        0x0 MCAL/TIMER0/TIMER0_PROGRAM.o
 .data          0x00000000        0x0 MCAL/TIMER0/TIMER0_PROGRAM.o
 .bss           0x00000000        0x0 MCAL/TIMER0/TIMER0_PROGRAM.o
 .text.TIMER0_initNormalMode
                0x00000000       0x14 MCAL/TIMER0/TIMER0_PROGRAM.o
 .text.TIMER0_stop
                0x00000000       0x14 MCAL/TIMER0/TIMER0_PROGRAM.o
 .text.TIMER0_setCallback
                0x00000000        0xa MCAL/TIMER0/TIMER0_PROGRAM.o
 .text.TIMER0_setPreload
                0x00000000        0x4 MCAL/TIMER0/TIMER0_PROGRAM.o
 .text.TIMER0_readTimer
                0x00000000        0x4 MCAL/TIMER0/TIMER0_PROGRAM.o
 .text.TIMER0_initPWMMode
                0x00000000       0x20 MCAL/TIMER0/TIMER0_PROGRAM.o
 .text.TIMER0_setDuty
                0x00000000       0x12 MCAL/TIMER0/TIMER0_PROGRAM.o
 .text.TIMER0_setFrequency
                0x00000000       0x32 MCAL/TIMER0/TIMER0_PROGRAM.o
 .text          0x00000000        0x0 MCAL/TIMER1/TIMER1_PROGRAM.o
 .data          0x00000000        0x0 MCAL/TIMER1/TIMER1_PROGRAM.o
 .bss           0x00000000        0x0 MCAL/TIMER1/TIMER1_PROGRAM.o
 .text.TIMER1_initFastPWMMode14
                0x00000000       0x2c MCAL/TIMER1/TIMER1_PROGRAM.o
 .text.TIMER1_setDuty
                0x00000000       0x32 MCAL/TIMER1/TIMER1_PROGRAM.o
 .text.TIMER1_setFrequency
                0x00000000       0x4e MCAL/TIMER1/TIMER1_PROGRAM.o
 .text.TIMER1_stop
                0x00000000       0x14 MCAL/TIMER1/TIMER1_PROGRAM.o
 .text          0x00000000        0x0 MCAL/UART/UART_PROG.o
 .data          0x00000000        0x0 MCAL/UART/UART_PROG.o
 .bss           0x00000000        0x0 MCAL/UART/UART_PROG.o
 .text.UART_init
                0x00000000       0x1e MCAL/UART/UART_PROG.o
 .text.UART_sendData
                0x00000000        0x8 MCAL/UART/UART_PROG.o
 .text.UART_sendString
                0x00000000       0x26 MCAL/UART/UART_PROG.o
 .text.UART_receiveData
                0x00000000        0x8 MCAL/UART/UART_PROG.o
 .debug_info    0x00000000      0x118 MCAL/UART/UART_PROG.o
 .debug_abbrev  0x00000000       0xed MCAL/UART/UART_PROG.o
 .debug_loc     0x00000000       0x91 MCAL/UART/UART_PROG.o
 .debug_aranges
                0x00000000       0x38 MCAL/UART/UART_PROG.o
 .debug_ranges  0x00000000       0x28 MCAL/UART/UART_PROG.o
 .debug_line    0x00000000       0xfc MCAL/UART/UART_PROG.o
 .debug_str     0x00000000      0x17e MCAL/UART/UART_PROG.o
 .comment       0x00000000       0x31 MCAL/UART/UART_PROG.o
 .debug_frame   0x00000000       0x64 MCAL/UART/UART_PROG.o
 .text          0x00000000        0x0 MCAL/WDT/WDT_PROGRAM.o
 .data          0x00000000        0x0 MCAL/WDT/WDT_PROGRAM.o
 .bss           0x00000000        0x0 MCAL/WDT/WDT_PROGRAM.o
 .text.WDT_start
                0x00000000       0xc6 MCAL/WDT/WDT_PROGRAM.o
 .text.WDT_stop
                0x00000000        0xc MCAL/WDT/WDT_PROGRAM.o
 .debug_info    0x00000000       0xab MCAL/WDT/WDT_PROGRAM.o
 .debug_abbrev  0x00000000       0x78 MCAL/WDT/WDT_PROGRAM.o
 .debug_loc     0x00000000       0xd0 MCAL/WDT/WDT_PROGRAM.o
 .debug_aranges
                0x00000000       0x28 MCAL/WDT/WDT_PROGRAM.o
 .debug_ranges  0x00000000       0x18 MCAL/WDT/WDT_PROGRAM.o
 .debug_line    0x00000000      0x13d MCAL/WDT/WDT_PROGRAM.o
 .debug_str     0x00000000      0x159 MCAL/WDT/WDT_PROGRAM.o
 .comment       0x00000000       0x31 MCAL/WDT/WDT_PROGRAM.o
 .debug_frame   0x00000000       0x34 MCAL/WDT/WDT_PROGRAM.o
 .text          0x00000000        0x0 RTOS/RTOS_PROGRAM.o
 .data          0x00000000        0x0 RTOS/RTOS_PROGRAM.o
 .bss           0x00000000        0x0 RTOS/RTOS_PROGRAM.o
 .text.RTOS_sechdeuler
                0x00000000       0x5e RTOS/RTOS_PROGRAM.o
 .text.RTOS_createTask
                0x00000000       0x1a RTOS/RTOS_PROGRAM.o
 .text.RTOS_start
                0x00000000       0x1e RTOS/RTOS_PROGRAM.o
 .bss.sysTick.1615
                0x00000000        0x2 RTOS/RTOS_PROGRAM.o
 .debug_info    0x00000000      0x21a RTOS/RTOS_PROGRAM.o
 .debug_abbrev  0x00000000      0x15b RTOS/RTOS_PROGRAM.o
 .debug_loc     0x00000000       0x57 RTOS/RTOS_PROGRAM.o
 .debug_aranges
                0x00000000       0x30 RTOS/RTOS_PROGRAM.o
 .debug_ranges  0x00000000       0x20 RTOS/RTOS_PROGRAM.o
 .debug_line    0x00000000      0x12e RTOS/RTOS_PROGRAM.o
 .debug_str     0x00000000      0x218 RTOS/RTOS_PROGRAM.o
 .comment       0x00000000       0x31 RTOS/RTOS_PROGRAM.o
 .debug_frame   0x00000000       0x4c RTOS/RTOS_PROGRAM.o
 COMMON         0x00000000        0xc RTOS/RTOS_PROGRAM.o
 .text          0x00000000        0x0 c:/program files (x86)/atmel/studio/7.0/toolchain/avr8/avr8-gnu-toolchain/bin/../lib/gcc/avr/5.4.0/../../../../avr/lib/avr5\libm.a(addsf3.o)
 .data          0x00000000        0x0 c:/program files (x86)/atmel/studio/7.0/toolchain/avr8/avr8-gnu-toolchain/bin/../lib/gcc/avr/5.4.0/../../../../avr/lib/avr5\libm.a(addsf3.o)
 .bss           0x00000000        0x0 c:/program files (x86)/atmel/studio/7.0/toolchain/avr8/avr8-gnu-toolchain/bin/../lib/gcc/avr/5.4.0/../../../../avr/lib/avr5\libm.a(addsf3.o)
 .text.avr-libc.fplib
                0x00000000        0xe c:/program files (x86)/atmel/studio/7.0/toolchain/avr8/avr8-gnu-toolchain/bin/../lib/gcc/avr/5.4.0/../../../../avr/lib/avr5\libm.a(addsf3.o)
 .text          0x00000000        0x0 c:/program files (x86)/atmel/studio/7.0/toolchain/avr8/avr8-gnu-toolchain/bin/../lib/gcc/avr/5.4.0/../../../../avr/lib/avr5\libm.a(addsf3x.o)
 .data          0x00000000        0x0 c:/program files (x86)/atmel/studio/7.0/toolchain/avr8/avr8-gnu-toolchain/bin/../lib/gcc/avr/5.4.0/../../../../avr/lib/avr5\libm.a(addsf3x.o)
 .bss           0x00000000        0x0 c:/program files (x86)/atmel/studio/7.0/toolchain/avr8/avr8-gnu-toolchain/bin/../lib/gcc/avr/5.4.0/../../../../avr/lib/avr5\libm.a(addsf3x.o)
 .text.avr-libc.fplib
                0x00000000       0xcc c:/program files (x86)/atmel/studio/7.0/toolchain/avr8/avr8-gnu-toolchain/bin/../lib/gcc/avr/5.4.0/../../../../avr/lib/avr5\libm.a(addsf3x.o)
 .text          0x00000000        0x0 c:/program files (x86)/atmel/studio/7.0/toolchain/avr8/avr8-gnu-toolchain/bin/../lib/gcc/avr/5.4.0/../../../../avr/lib/avr5\libm.a(divsf3.o)
 .data          0x00000000        0x0 c:/program files (x86)/atmel/studio/7.0/toolchain/avr8/avr8-gnu-toolchain/bin/../lib/gcc/avr/5.4.0/../../../../avr/lib/avr5\libm.a(divsf3.o)
 .bss           0x00000000        0x0 c:/program files (x86)/atmel/studio/7.0/toolchain/avr8/avr8-gnu-toolchain/bin/../lib/gcc/avr/5.4.0/../../../../avr/lib/avr5\libm.a(divsf3.o)
 .text.avr-libc.fplib
                0x00000000        0x8 c:/program files (x86)/atmel/studio/7.0/toolchain/avr8/avr8-gnu-toolchain/bin/../lib/gcc/avr/5.4.0/../../../../avr/lib/avr5\libm.a(divsf3.o)
 .text          0x00000000        0x0 c:/program files (x86)/atmel/studio/7.0/toolchain/avr8/avr8-gnu-toolchain/bin/../lib/gcc/avr/5.4.0/../../../../avr/lib/avr5\libm.a(divsf3x.o)
 .data          0x00000000        0x0 c:/program files (x86)/atmel/studio/7.0/toolchain/avr8/avr8-gnu-toolchain/bin/../lib/gcc/avr/5.4.0/../../../../avr/lib/avr5\libm.a(divsf3x.o)
 .bss           0x00000000        0x0 c:/program files (x86)/atmel/studio/7.0/toolchain/avr8/avr8-gnu-toolchain/bin/../lib/gcc/avr/5.4.0/../../../../avr/lib/avr5\libm.a(divsf3x.o)
 .text.avr-libc.fplib
                0x00000000       0xdc c:/program files (x86)/atmel/studio/7.0/toolchain/avr8/avr8-gnu-toolchain/bin/../lib/gcc/avr/5.4.0/../../../../avr/lib/avr5\libm.a(divsf3x.o)
 .text          0x00000000        0x0 c:/program files (x86)/atmel/studio/7.0/toolchain/avr8/avr8-gnu-toolchain/bin/../lib/gcc/avr/5.4.0/../../../../avr/lib/avr5\libm.a(fixunssfsi.o)
 .data          0x00000000        0x0 c:/program files (x86)/atmel/studio/7.0/toolchain/avr8/avr8-gnu-toolchain/bin/../lib/gcc/avr/5.4.0/../../../../avr/lib/avr5\libm.a(fixunssfsi.o)
 .bss           0x00000000        0x0 c:/program files (x86)/atmel/studio/7.0/toolchain/avr8/avr8-gnu-toolchain/bin/../lib/gcc/avr/5.4.0/../../../../avr/lib/avr5\libm.a(fixunssfsi.o)
 .text          0x00000000        0x0 c:/program files (x86)/atmel/studio/7.0/toolchain/avr8/avr8-gnu-toolchain/bin/../lib/gcc/avr/5.4.0/../../../../avr/lib/avr5\libm.a(floatsisf.o)
 .data          0x00000000        0x0 c:/program files (x86)/atmel/studio/7.0/toolchain/avr8/avr8-gnu-toolchain/bin/../lib/gcc/avr/5.4.0/../../../../avr/lib/avr5\libm.a(floatsisf.o)
 .bss           0x00000000        0x0 c:/program files (x86)/atmel/studio/7.0/toolchain/avr8/avr8-gnu-toolchain/bin/../lib/gcc/avr/5.4.0/../../../../avr/lib/avr5\libm.a(floatsisf.o)
 .text          0x00000000        0x0 c:/program files (x86)/atmel/studio/7.0/toolchain/avr8/avr8-gnu-toolchain/bin/../lib/gcc/avr/5.4.0/../../../../avr/lib/avr5\libm.a(fp_inf.o)
 .data          0x00000000        0x0 c:/program files (x86)/atmel/studio/7.0/toolchain/avr8/avr8-gnu-toolchain/bin/../lib/gcc/avr/5.4.0/../../../../avr/lib/avr5\libm.a(fp_inf.o)
 .bss           0x00000000        0x0 c:/program files (x86)/atmel/studio/7.0/toolchain/avr8/avr8-gnu-toolchain/bin/../lib/gcc/avr/5.4.0/../../../../avr/lib/avr5\libm.a(fp_inf.o)
 .text          0x00000000        0x0 c:/program files (x86)/atmel/studio/7.0/toolchain/avr8/avr8-gnu-toolchain/bin/../lib/gcc/avr/5.4.0/../../../../avr/lib/avr5\libm.a(fp_nan.o)
 .data          0x00000000        0x0 c:/program files (x86)/atmel/studio/7.0/toolchain/avr8/avr8-gnu-toolchain/bin/../lib/gcc/avr/5.4.0/../../../../avr/lib/avr5\libm.a(fp_nan.o)
 .bss           0x00000000        0x0 c:/program files (x86)/atmel/studio/7.0/toolchain/avr8/avr8-gnu-toolchain/bin/../lib/gcc/avr/5.4.0/../../../../avr/lib/avr5\libm.a(fp_nan.o)
 .text          0x00000000        0x0 c:/program files (x86)/atmel/studio/7.0/toolchain/avr8/avr8-gnu-toolchain/bin/../lib/gcc/avr/5.4.0/../../../../avr/lib/avr5\libm.a(fp_pscA.o)
 .data          0x00000000        0x0 c:/program files (x86)/atmel/studio/7.0/toolchain/avr8/avr8-gnu-toolchain/bin/../lib/gcc/avr/5.4.0/../../../../avr/lib/avr5\libm.a(fp_pscA.o)
 .bss           0x00000000        0x0 c:/program files (x86)/atmel/studio/7.0/toolchain/avr8/avr8-gnu-toolchain/bin/../lib/gcc/avr/5.4.0/../../../../avr/lib/avr5\libm.a(fp_pscA.o)
 .text          0x00000000        0x0 c:/program files (x86)/atmel/studio/7.0/toolchain/avr8/avr8-gnu-toolchain/bin/../lib/gcc/avr/5.4.0/../../../../avr/lib/avr5\libm.a(fp_pscB.o)
 .data          0x00000000        0x0 c:/program files (x86)/atmel/studio/7.0/toolchain/avr8/avr8-gnu-toolchain/bin/../lib/gcc/avr/5.4.0/../../../../avr/lib/avr5\libm.a(fp_pscB.o)
 .bss           0x00000000        0x0 c:/program files (x86)/atmel/studio/7.0/toolchain/avr8/avr8-gnu-toolchain/bin/../lib/gcc/avr/5.4.0/../../../../avr/lib/avr5\libm.a(fp_pscB.o)
 .text          0x00000000        0x0 c:/program files (x86)/atmel/studio/7.0/toolchain/avr8/avr8-gnu-toolchain/bin/../lib/gcc/avr/5.4.0/../../../../avr/lib/avr5\libm.a(fp_round.o)
 .data          0x00000000        0x0 c:/program files (x86)/atmel/studio/7.0/toolchain/avr8/avr8-gnu-toolchain/bin/../lib/gcc/avr/5.4.0/../../../../avr/lib/avr5\libm.a(fp_round.o)
 .bss           0x00000000        0x0 c:/program files (x86)/atmel/studio/7.0/toolchain/avr8/avr8-gnu-toolchain/bin/../lib/gcc/avr/5.4.0/../../../../avr/lib/avr5\libm.a(fp_round.o)
 .text          0x00000000        0x0 c:/program files (x86)/atmel/studio/7.0/toolchain/avr8/avr8-gnu-toolchain/bin/../lib/gcc/avr/5.4.0/../../../../avr/lib/avr5\libm.a(fp_split3.o)
 .data          0x00000000        0x0 c:/program files (x86)/atmel/studio/7.0/toolchain/avr8/avr8-gnu-toolchain/bin/../lib/gcc/avr/5.4.0/../../../../avr/lib/avr5\libm.a(fp_split3.o)
 .bss           0x00000000        0x0 c:/program files (x86)/atmel/studio/7.0/toolchain/avr8/avr8-gnu-toolchain/bin/../lib/gcc/avr/5.4.0/../../../../avr/lib/avr5\libm.a(fp_split3.o)
 .text          0x00000000        0x0 c:/program files (x86)/atmel/studio/7.0/toolchain/avr8/avr8-gnu-toolchain/bin/../lib/gcc/avr/5.4.0/../../../../avr/lib/avr5\libm.a(fp_zero.o)
 .data          0x00000000        0x0 c:/program files (x86)/atmel/studio/7.0/toolchain/avr8/avr8-gnu-toolchain/bin/../lib/gcc/avr/5.4.0/../../../../avr/lib/avr5\libm.a(fp_zero.o)
 .bss           0x00000000        0x0 c:/program files (x86)/atmel/studio/7.0/toolchain/avr8/avr8-gnu-toolchain/bin/../lib/gcc/avr/5.4.0/../../../../avr/lib/avr5\libm.a(fp_zero.o)
 .text          0x00000000        0x0 c:/program files (x86)/atmel/studio/7.0/toolchain/avr8/avr8-gnu-toolchain/bin/../lib/gcc/avr/5.4.0/../../../../avr/lib/avr5\libm.a(mulsf3.o)
 .data          0x00000000        0x0 c:/program files (x86)/atmel/studio/7.0/toolchain/avr8/avr8-gnu-toolchain/bin/../lib/gcc/avr/5.4.0/../../../../avr/lib/avr5\libm.a(mulsf3.o)
 .bss           0x00000000        0x0 c:/program files (x86)/atmel/studio/7.0/toolchain/avr8/avr8-gnu-toolchain/bin/../lib/gcc/avr/5.4.0/../../../../avr/lib/avr5\libm.a(mulsf3.o)
 .text          0x00000000        0x0 c:/program files (x86)/atmel/studio/7.0/toolchain/avr8/avr8-gnu-toolchain/bin/../lib/gcc/avr/5.4.0/../../../../avr/lib/avr5\libm.a(mulsf3x.o)
 .data          0x00000000        0x0 c:/program files (x86)/atmel/studio/7.0/toolchain/avr8/avr8-gnu-toolchain/bin/../lib/gcc/avr/5.4.0/../../../../avr/lib/avr5\libm.a(mulsf3x.o)
 .bss           0x00000000        0x0 c:/program files (x86)/atmel/studio/7.0/toolchain/avr8/avr8-gnu-toolchain/bin/../lib/gcc/avr/5.4.0/../../../../avr/lib/avr5\libm.a(mulsf3x.o)
 .text          0x00000000        0x0 c:/program files (x86)/atmel/studio/7.0/toolchain/avr8/avr8-gnu-toolchain/bin/../lib/gcc/avr/5.4.0/avr5\libgcc.a(_udivmodhi4.o)
 .data          0x00000000        0x0 c:/program files (x86)/atmel/studio/7.0/toolchain/avr8/avr8-gnu-toolchain/bin/../lib/gcc/avr/5.4.0/avr5\libgcc.a(_udivmodhi4.o)
 .bss           0x00000000        0x0 c:/program files (x86)/atmel/studio/7.0/toolchain/avr8/avr8-gnu-toolchain/bin/../lib/gcc/avr/5.4.0/avr5\libgcc.a(_udivmodhi4.o)
 .text.libgcc.mul
                0x00000000        0x0 c:/program files (x86)/atmel/studio/7.0/toolchain/avr8/avr8-gnu-toolchain/bin/../lib/gcc/avr/5.4.0/avr5\libgcc.a(_udivmodhi4.o)
 .text.libgcc   0x00000000        0x0 c:/program files (x86)/atmel/studio/7.0/toolchain/avr8/avr8-gnu-toolchain/bin/../lib/gcc/avr/5.4.0/avr5\libgcc.a(_udivmodhi4.o)
 .text.libgcc.prologue
                0x00000000        0x0 c:/program files (x86)/atmel/studio/7.0/toolchain/avr8/avr8-gnu-toolchain/bin/../lib/gcc/avr/5.4.0/avr5\libgcc.a(_udivmodhi4.o)
 .text.libgcc.builtins
                0x00000000        0x0 c:/program files (x86)/atmel/studio/7.0/toolchain/avr8/avr8-gnu-toolchain/bin/../lib/gcc/avr/5.4.0/avr5\libgcc.a(_udivmodhi4.o)
 .text.libgcc.fmul
                0x00000000        0x0 c:/program files (x86)/atmel/studio/7.0/toolchain/avr8/avr8-gnu-toolchain/bin/../lib/gcc/avr/5.4.0/avr5\libgcc.a(_udivmodhi4.o)
 .text.libgcc.fixed
                0x00000000        0x0 c:/program files (x86)/atmel/studio/7.0/toolchain/avr8/avr8-gnu-toolchain/bin/../lib/gcc/avr/5.4.0/avr5\libgcc.a(_udivmodhi4.o)
 .text          0x00000000        0x0 c:/program files (x86)/atmel/studio/7.0/toolchain/avr8/avr8-gnu-toolchain/bin/../lib/gcc/avr/5.4.0/avr5\libgcc.a(_divmodhi4.o)
 .data          0x00000000        0x0 c:/program files (x86)/atmel/studio/7.0/toolchain/avr8/avr8-gnu-toolchain/bin/../lib/gcc/avr/5.4.0/avr5\libgcc.a(_divmodhi4.o)
 .bss           0x00000000        0x0 c:/program files (x86)/atmel/studio/7.0/toolchain/avr8/avr8-gnu-toolchain/bin/../lib/gcc/avr/5.4.0/avr5\libgcc.a(_divmodhi4.o)
 .text.libgcc.mul
                0x00000000        0x0 c:/program files (x86)/atmel/studio/7.0/toolchain/avr8/avr8-gnu-toolchain/bin/../lib/gcc/avr/5.4.0/avr5\libgcc.a(_divmodhi4.o)
 .text.libgcc   0x00000000        0x0 c:/program files (x86)/atmel/studio/7.0/toolchain/avr8/avr8-gnu-toolchain/bin/../lib/gcc/avr/5.4.0/avr5\libgcc.a(_divmodhi4.o)
 .text.libgcc.prologue
                0x00000000        0x0 c:/program files (x86)/atmel/studio/7.0/toolchain/avr8/avr8-gnu-toolchain/bin/../lib/gcc/avr/5.4.0/avr5\libgcc.a(_divmodhi4.o)
 .text.libgcc.builtins
                0x00000000        0x0 c:/program files (x86)/atmel/studio/7.0/toolchain/avr8/avr8-gnu-toolchain/bin/../lib/gcc/avr/5.4.0/avr5\libgcc.a(_divmodhi4.o)
 .text.libgcc.fmul
                0x00000000        0x0 c:/program files (x86)/atmel/studio/7.0/toolchain/avr8/avr8-gnu-toolchain/bin/../lib/gcc/avr/5.4.0/avr5\libgcc.a(_divmodhi4.o)
 .text.libgcc.fixed
                0x00000000        0x0 c:/program files (x86)/atmel/studio/7.0/toolchain/avr8/avr8-gnu-toolchain/bin/../lib/gcc/avr/5.4.0/avr5\libgcc.a(_divmodhi4.o)
 .text          0x00000000        0x0 c:/program files (x86)/atmel/studio/7.0/toolchain/avr8/avr8-gnu-toolchain/bin/../lib/gcc/avr/5.4.0/avr5\libgcc.a(_exit.o)
 .data          0x00000000        0x0 c:/program files (x86)/atmel/studio/7.0/toolchain/avr8/avr8-gnu-toolchain/bin/../lib/gcc/avr/5.4.0/avr5\libgcc.a(_exit.o)
 .bss           0x00000000        0x0 c:/program files (x86)/atmel/studio/7.0/toolchain/avr8/avr8-gnu-toolchain/bin/../lib/gcc/avr/5.4.0/avr5\libgcc.a(_exit.o)
 .text.libgcc.mul
                0x00000000        0x0 c:/program files (x86)/atmel/studio/7.0/toolchain/avr8/avr8-gnu-toolchain/bin/../lib/gcc/avr/5.4.0/avr5\libgcc.a(_exit.o)
 .text.libgcc.div
                0x00000000        0x0 c:/program files (x86)/atmel/studio/7.0/toolchain/avr8/avr8-gnu-toolchain/bin/../lib/gcc/avr/5.4.0/avr5\libgcc.a(_exit.o)
 .text.libgcc   0x00000000        0x0 c:/program files (x86)/atmel/studio/7.0/toolchain/avr8/avr8-gnu-toolchain/bin/../lib/gcc/avr/5.4.0/avr5\libgcc.a(_exit.o)
 .text.libgcc.prologue
                0x00000000        0x0 c:/program files (x86)/atmel/studio/7.0/toolchain/avr8/avr8-gnu-toolchain/bin/../lib/gcc/avr/5.4.0/avr5\libgcc.a(_exit.o)
 .text.libgcc.builtins
                0x00000000        0x0 c:/program files (x86)/atmel/studio/7.0/toolchain/avr8/avr8-gnu-toolchain/bin/../lib/gcc/avr/5.4.0/avr5\libgcc.a(_exit.o)
 .text.libgcc.fmul
                0x00000000        0x0 c:/program files (x86)/atmel/studio/7.0/toolchain/avr8/avr8-gnu-toolchain/bin/../lib/gcc/avr/5.4.0/avr5\libgcc.a(_exit.o)
 .text.libgcc.fixed
                0x00000000        0x0 c:/program files (x86)/atmel/studio/7.0/toolchain/avr8/avr8-gnu-toolchain/bin/../lib/gcc/avr/5.4.0/avr5\libgcc.a(_exit.o)
 .text          0x00000000        0x0 c:/program files (x86)/atmel/studio/7.0/toolchain/avr8/avr8-gnu-toolchain/bin/../lib/gcc/avr/5.4.0/avr5\libgcc.a(_copy_data.o)
 .data          0x00000000        0x0 c:/program files (x86)/atmel/studio/7.0/toolchain/avr8/avr8-gnu-toolchain/bin/../lib/gcc/avr/5.4.0/avr5\libgcc.a(_copy_data.o)
 .bss           0x00000000        0x0 c:/program files (x86)/atmel/studio/7.0/toolchain/avr8/avr8-gnu-toolchain/bin/../lib/gcc/avr/5.4.0/avr5\libgcc.a(_copy_data.o)
 .text.libgcc.mul
                0x00000000        0x0 c:/program files (x86)/atmel/studio/7.0/toolchain/avr8/avr8-gnu-toolchain/bin/../lib/gcc/avr/5.4.0/avr5\libgcc.a(_copy_data.o)
 .text.libgcc.div
                0x00000000        0x0 c:/program files (x86)/atmel/studio/7.0/toolchain/avr8/avr8-gnu-toolchain/bin/../lib/gcc/avr/5.4.0/avr5\libgcc.a(_copy_data.o)
 .text.libgcc   0x00000000        0x0 c:/program files (x86)/atmel/studio/7.0/toolchain/avr8/avr8-gnu-toolchain/bin/../lib/gcc/avr/5.4.0/avr5\libgcc.a(_copy_data.o)
 .text.libgcc.prologue
                0x00000000        0x0 c:/program files (x86)/atmel/studio/7.0/toolchain/avr8/avr8-gnu-toolchain/bin/../lib/gcc/avr/5.4.0/avr5\libgcc.a(_copy_data.o)
 .text.libgcc.builtins
                0x00000000        0x0 c:/program files (x86)/atmel/studio/7.0/toolchain/avr8/avr8-gnu-toolchain/bin/../lib/gcc/avr/5.4.0/avr5\libgcc.a(_copy_data.o)
 .text.libgcc.fmul
                0x00000000        0x0 c:/program files (x86)/atmel/studio/7.0/toolchain/avr8/avr8-gnu-toolchain/bin/../lib/gcc/avr/5.4.0/avr5\libgcc.a(_copy_data.o)
 .text.libgcc.fixed
                0x00000000        0x0 c:/program files (x86)/atmel/studio/7.0/toolchain/avr8/avr8-gnu-toolchain/bin/../lib/gcc/avr/5.4.0/avr5\libgcc.a(_copy_data.o)
 .text          0x00000000        0x0 c:/program files (x86)/atmel/studio/7.0/toolchain/avr8/avr8-gnu-toolchain/bin/../lib/gcc/avr/5.4.0/avr5\libgcc.a(_clear_bss.o)
 .data          0x00000000        0x0 c:/program files (x86)/atmel/studio/7.0/toolchain/avr8/avr8-gnu-toolchain/bin/../lib/gcc/avr/5.4.0/avr5\libgcc.a(_clear_bss.o)
 .bss           0x00000000        0x0 c:/program files (x86)/atmel/studio/7.0/toolchain/avr8/avr8-gnu-toolchain/bin/../lib/gcc/avr/5.4.0/avr5\libgcc.a(_clear_bss.o)
 .text.libgcc.mul
                0x00000000        0x0 c:/program files (x86)/atmel/studio/7.0/toolchain/avr8/avr8-gnu-toolchain/bin/../lib/gcc/avr/5.4.0/avr5\libgcc.a(_clear_bss.o)
 .text.libgcc.div
                0x00000000        0x0 c:/program files (x86)/atmel/studio/7.0/toolchain/avr8/avr8-gnu-toolchain/bin/../lib/gcc/avr/5.4.0/avr5\libgcc.a(_clear_bss.o)
 .text.libgcc   0x00000000        0x0 c:/program files (x86)/atmel/studio/7.0/toolchain/avr8/avr8-gnu-toolchain/bin/../lib/gcc/avr/5.4.0/avr5\libgcc.a(_clear_bss.o)
 .text.libgcc.prologue
                0x00000000        0x0 c:/program files (x86)/atmel/studio/7.0/toolchain/avr8/avr8-gnu-toolchain/bin/../lib/gcc/avr/5.4.0/avr5\libgcc.a(_clear_bss.o)
 .text.libgcc.builtins
                0x00000000        0x0 c:/program files (x86)/atmel/studio/7.0/toolchain/avr8/avr8-gnu-toolchain/bin/../lib/gcc/avr/5.4.0/avr5\libgcc.a(_clear_bss.o)
 .text.libgcc.fmul
                0x00000000        0x0 c:/program files (x86)/atmel/studio/7.0/toolchain/avr8/avr8-gnu-toolchain/bin/../lib/gcc/avr/5.4.0/avr5\libgcc.a(_clear_bss.o)
 .text.libgcc.fixed
                0x00000000        0x0 c:/program files (x86)/atmel/studio/7.0/toolchain/avr8/avr8-gnu-toolchain/bin/../lib/gcc/avr/5.4.0/avr5\libgcc.a(_clear_bss.o)
 .text          0x00000000        0x0 c:/program files (x86)/atmel/studio/7.0/toolchain/avr8/avr8-gnu-toolchain/bin/../lib/gcc/avr/5.4.0/avr5\libgcc.a(_umulhisi3.o)
 .data          0x00000000        0x0 c:/program files (x86)/atmel/studio/7.0/toolchain/avr8/avr8-gnu-toolchain/bin/../lib/gcc/avr/5.4.0/avr5\libgcc.a(_umulhisi3.o)
 .bss           0x00000000        0x0 c:/program files (x86)/atmel/studio/7.0/toolchain/avr8/avr8-gnu-toolchain/bin/../lib/gcc/avr/5.4.0/avr5\libgcc.a(_umulhisi3.o)
 .text.libgcc.div
                0x00000000        0x0 c:/program files (x86)/atmel/studio/7.0/toolchain/avr8/avr8-gnu-toolchain/bin/../lib/gcc/avr/5.4.0/avr5\libgcc.a(_umulhisi3.o)
 .text.libgcc   0x00000000        0x0 c:/program files (x86)/atmel/studio/7.0/toolchain/avr8/avr8-gnu-toolchain/bin/../lib/gcc/avr/5.4.0/avr5\libgcc.a(_umulhisi3.o)
 .text.libgcc.prologue
                0x00000000        0x0 c:/program files (x86)/atmel/studio/7.0/toolchain/avr8/avr8-gnu-toolchain/bin/../lib/gcc/avr/5.4.0/avr5\libgcc.a(_umulhisi3.o)
 .text.libgcc.builtins
                0x00000000        0x0 c:/program files (x86)/atmel/studio/7.0/toolchain/avr8/avr8-gnu-toolchain/bin/../lib/gcc/avr/5.4.0/avr5\libgcc.a(_umulhisi3.o)
 .text.libgcc.fmul
                0x00000000        0x0 c:/program files (x86)/atmel/studio/7.0/toolchain/avr8/avr8-gnu-toolchain/bin/../lib/gcc/avr/5.4.0/avr5\libgcc.a(_umulhisi3.o)
 .text.libgcc.fixed
                0x00000000        0x0 c:/program files (x86)/atmel/studio/7.0/toolchain/avr8/avr8-gnu-toolchain/bin/../lib/gcc/avr/5.4.0/avr5\libgcc.a(_umulhisi3.o)

Memory Configuration

Name             Origin             Length             Attributes
text             0x00000000         0x00008000         xr
data             0x00800060         0x00000800         rw !x
eeprom           0x00810000         0x00000400         rw !x
fuse             0x00820000         0x00000002         rw !x
lock             0x00830000         0x00000400         rw !x
signature        0x00840000         0x00000400         rw !x
user_signatures  0x00850000         0x00000400         rw !x
*default*        0x00000000         0xffffffff

Linker script and memory map

LOAD C:/Program Files (x86)/Atmel/Studio/7.0/Packs/atmel/ATmega_DFP/1.7.374/gcc/dev/atmega32/avr5/crtatmega32.o
LOAD APP/main.o
LOAD HAL/BUTTONS/BUTTONS_PROGRAM.o
LOAD HAL/EEPROM/EEPROM_PROGRAM.o
LOAD HAL/ELEMENTS/ELEMENTS_PROG.o
LOAD HAL/KEYPAD/KEYPAD_PROGRAM.o
LOAD HAL/LCD/LCD_PROGRAM.o
LOAD HAL/LED/LED_PROGRAM.o
LOAD HAL/MOTOR/MOTOR_PROGRAM.o
LOAD HAL/Seven_Segment/SS_PROGRAM.o
LOAD MCAL/ADC/ADC_PROGRAM.o
LOAD MCAL/DIO/DIO_PROGRAM.o
LOAD MCAL/EXT/EXT_PROGRAM.o
LOAD MCAL/GI/GI_PROGRAM.o
LOAD MCAL/I2C/I2C_PROGRAM.o
LOAD MCAL/SPI/SPI_PROGRAM.o
LOAD MCAL/TIMER0/TIMER0_PROGRAM.o
LOAD MCAL/TIMER1/TIMER1_PROGRAM.o
LOAD MCAL/UART/UART_PROG.o
LOAD MCAL/WDT/WDT_PROGRAM.o
LOAD RTOS/RTOS_PROGRAM.o
START GROUP
LOAD c:/program files (x86)/atmel/studio/7.0/toolchain/avr8/avr8-gnu-toolchain/bin/../lib/gcc/avr/5.4.0/../../../../avr/lib/avr5\libm.a
END GROUP
START GROUP
LOAD c:/program files (x86)/atmel/studio/7.0/toolchain/avr8/avr8-gnu-toolchain/bin/../lib/gcc/avr/5.4.0/avr5\libgcc.a
LOAD c:/program files (x86)/atmel/studio/7.0/toolchain/avr8/avr8-gnu-toolchain/bin/../lib/gcc/avr/5.4.0/../../../../avr/lib/avr5\libm.a
LOAD c:/program files (x86)/atmel/studio/7.0/toolchain/avr8/avr8-gnu-toolchain/bin/../lib/gcc/avr/5.4.0/../../../../avr/lib/avr5\libc.a
LOAD C:/Program Files (x86)/Atmel/Studio/7.0/Packs/atmel/ATmega_DFP/1.7.374/gcc/dev/atmega32/avr5\libatmega32.a
END GROUP
                0x00000000                __TEXT_REGION_ORIGIN__ = DEFINED (__TEXT_REGION_ORIGIN__)?__TEXT_REGION_ORIGIN__:0x0
                [0x00800060]                __DATA_REGION_ORIGIN__ = DEFINED (__DATA_REGION_ORIGIN__)?__DATA_REGION_ORIGIN__:0x800060
                [0x00008000]                __TEXT_REGION_LENGTH__ = DEFINED (__TEXT_REGION_LENGTH__)?__TEXT_REGION_LENGTH__:0x20000
                [0x00000800]                __DATA_REGION_LENGTH__ = DEFINED (__DATA_REGION_LENGTH__)?__DATA_REGION_LENGTH__:0xffa0
                [0x00000400]                __EEPROM_REGION_LENGTH__ = DEFINED (__EEPROM_REGION_LENGTH__)?__EEPROM_REGION_LENGTH__:0x10000
                [0x00000002]                __FUSE_REGION_LENGTH__ = DEFINED (__FUSE_REGION_LENGTH__)?__FUSE_REGION_LENGTH__:0x400
                0x00000400                __LOCK_REGION_LENGTH__ = DEFINED (__LOCK_REGION_LENGTH__)?__LOCK_REGION_LENGTH__:0x400
                0x00000400                __SIGNATURE_REGION_LENGTH__ = DEFINED (__SIGNATURE_REGION_LENGTH__)?__SIGNATURE_REGION_LENGTH__:0x400
                0x00000400                __USER_SIGNATURE_REGION_LENGTH__ = DEFINED (__USER_SIGNATURE_REGION_LENGTH__)?__USER_SIGNATURE_REGION_LENGTH__:0x400

.hash
 *(.hash)

.dynsym
 *(.dynsym)

.dynstr
 *(.dynstr)

.gnu.version
 *(.gnu.version)

.gnu.version_d
 *(.gnu.version_d)

.gnu.version_r
 *(.gnu.version_r)

.rel.init
 *(.rel.init)

.rela.init
 *(.rela.init)

.rel.text
 *(.rel.text)
 *(.rel.text.*)
 *(.rel.gnu.linkonce.t*)

.rela.text
 *(.rela.text)
 *(.rela.text.*)
 *(.rela.gnu.linkonce.t*)

.rel.fini
 *(.rel.fini)

.rela.fini
 *(.rela.fini)

.rel.rodata
 *(.rel.rodata)
 *(.rel.rodata.*)
 *(.rel.gnu.linkonce.r*)

.rela.rodata
 *(.rela.rodata)
 *(.rela.rodata.*)
 *(.rela.gnu.linkonce.r*)

.rel.data
 *(.rel.data)
 *(.rel.data.*)
 *(.rel.gnu.linkonce.d*)

.rela.data
 *(.rela.data)
 *(.rela.data.*)
 *(.rela.gnu.linkonce.d*)

.rel.ctors
 *(.rel.ctors)

.rela.ctors
 *(.rela.ctors)

.rel.dtors
 *(.rel.dtors)

.rela.dtors
 *(.rela.dtors)

.rel.got
 *(.rel.got)

.rela.got
 *(.rela.got)

.rel.bss
 *(.rel.bss)

.rela.bss
 *(.rela.bss)

.rel.plt
 *(.rel.plt)

.rela.plt
 *(.rela.plt)

.text           0x00000000     0x12b2
 *(.vectors)
 .vectors       0x00000000       0x54 C:/Program Files (x86)/Atmel/Studio/7.0/Packs/atmel/ATmega_DFP/1.7.374/gcc/dev/atmega32/avr5/crtatmega32.o
                0x00000000                __vector_default
                0x00000000                __vectors
 *(.vectors)
 *(.progmem.gcc*)
                0x00000054                . = ALIGN (0x2)
                0x00000054                __trampolines_start = .
 *(.trampolines)
 .trampolines   0x00000054        0x0 linker stubs
 *(.trampolines*)
                0x00000054                __trampolines_end = .
 *libprintf_flt.a:*(.progmem.data)
 *libc.a:*(.progmem.data)
 *(.progmem*)
                0x00000054                . = ALIGN (0x2)
 *(.jumptables)
 *(.jumptables*)
 *(.lowtext)
 *(.lowtext*)
                0x00000054                __ctors_start = .
 *(.ctors)
                0x00000054                __ctors_end = .
                0x00000054                __dtors_start = .
 *(.dtors)
                0x00000054                __dtors_end = .
 SORT(*)(.ctors)
 SORT(*)(.dtors)
 *(.init0)
 .init0         0x00000054        0x0 C:/Program Files (x86)/Atmel/Studio/7.0/Packs/atmel/ATmega_DFP/1.7.374/gcc/dev/atmega32/avr5/crtatmega32.o
                0x00000054                __init
 *(.init0)
 *(.init1)
 *(.init1)
 *(.init2)
 .init2         0x00000054        0xc C:/Program Files (x86)/Atmel/Studio/7.0/Packs/atmel/ATmega_DFP/1.7.374/gcc/dev/atmega32/avr5/crtatmega32.o
 *(.init2)
 *(.init3)
 *(.init3)
 *(.init4)
 .init4         0x00000060       0x16 c:/program files (x86)/atmel/studio/7.0/toolchain/avr8/avr8-gnu-toolchain/bin/../lib/gcc/avr/5.4.0/avr5\libgcc.a(_copy_data.o)
                0x00000060                __do_copy_data
 .init4         0x00000076       0x10 c:/program files (x86)/atmel/studio/7.0/toolchain/avr8/avr8-gnu-toolchain/bin/../lib/gcc/avr/5.4.0/avr5\libgcc.a(_clear_bss.o)
                0x00000076                __do_clear_bss
 *(.init4)
 *(.init5)
 *(.init5)
 *(.init6)
 *(.init6)
 *(.init7)
 *(.init7)
 *(.init8)
 *(.init8)
 *(.init9)
 .init9         0x00000086        0x8 C:/Program Files (x86)/Atmel/Studio/7.0/Packs/atmel/ATmega_DFP/1.7.374/gcc/dev/atmega32/avr5/crtatmega32.o
 *(.init9)
 *(.text)
 .text          0x0000008e        0x4 C:/Program Files (x86)/Atmel/Studio/7.0/Packs/atmel/ATmega_DFP/1.7.374/gcc/dev/atmega32/avr5/crtatmega32.o
                0x0000008e                __vector_12
                0x0000008e                __bad_interrupt
                0x0000008e                __vector_6
                0x0000008e                __vector_3
                0x0000008e                __vector_13
                0x0000008e                __vector_17
                0x0000008e                __vector_19
                0x0000008e                __vector_5
                0x0000008e                __vector_4
                0x0000008e                __vector_9
                0x0000008e                __vector_15
                0x0000008e                __vector_8
                0x0000008e                __vector_14
                0x0000008e                __vector_16
                0x0000008e                __vector_18
                0x0000008e                __vector_20
                0x00000092                . = ALIGN (0x2)
 *(.text.*)
 .text.INT0_func
                0x00000092       0x1e APP/main.o
                0x00000092                INT0_func
 .text.callbackTimer0
                0x000000b0       0x6e APP/main.o
                0x000000b0                callbackTimer0
 .text.callbackTimer1
                0x0000011e       0x82 APP/main.o
                0x0000011e                callbackTimer1
 .text.main     0x000001a0      0x38a APP/main.o
                0x000001a0                main
 .text.BUTTONS_init
                0x0000052a       0x1a HAL/BUTTONS/BUTTONS_PROGRAM.o
                0x0000052a                BUTTONS_init
 .text.EEPROM_init
                0x00000544        0x8 HAL/EEPROM/EEPROM_PROGRAM.o
                0x00000544                EEPROM_init
 .text.EEPROM_writeData
                0x0000054c       0x56 HAL/EEPROM/EEPROM_PROGRAM.o
                0x0000054c                EEPROM_writeData
 .text.EEPROM_readData
                0x000005a2       0x70 HAL/EEPROM/EEPROM_PROGRAM.o
                0x000005a2                EEPROM_readData
 .text.ELEMENTS_init
                0x00000612       0x12 HAL/ELEMENTS/ELEMENTS_PROG.o
                0x00000612                ELEMENTS_init
 .text.LCD_sendData
                0x00000624       0xa0 HAL/LCD/LCD_PROGRAM.o
 .text.LCD_writeCmd
                0x000006c4       0x1e HAL/LCD/LCD_PROGRAM.o
                0x000006c4                LCD_writeCmd
 .text.LCD_init
                0x000006e2       0x8e HAL/LCD/LCD_PROGRAM.o
                0x000006e2                LCD_init
 .text.LCD_writeChar
                0x00000770       0x1e HAL/LCD/LCD_PROGRAM.o
                0x00000770                LCD_writeChar
 .text.LCD_writeString
                0x0000078e       0x26 HAL/LCD/LCD_PROGRAM.o
                0x0000078e                LCD_writeString
 .text.LCD_clearDis
                0x000007b4       0x14 HAL/LCD/LCD_PROGRAM.o
                0x000007b4                LCD_clearDis
 .text.LCD_writeNum
                0x000007c8       0x9a HAL/LCD/LCD_PROGRAM.o
                0x000007c8                LCD_writeNum
 .text.LCD_goto
                0x00000862       0x18 HAL/LCD/LCD_PROGRAM.o
                0x00000862                LCD_goto
 .text.ADC_init
                0x0000087a       0x26 MCAL/ADC/ADC_PROGRAM.o
                0x0000087a                ADC_init
 .text.ADC_read
                0x000008a0       0xc2 MCAL/ADC/ADC_PROGRAM.o
                0x000008a0                ADC_read
 .text.ADC_convertAnalog
                0x00000962       0x18 MCAL/ADC/ADC_PROGRAM.o
                0x00000962                ADC_convertAnalog
 .text.DIO_setPinValue
                0x0000097a      0x112 MCAL/DIO/DIO_PROGRAM.o
                0x0000097a                DIO_setPinValue
 .text.DIO_setPinDir
                0x00000a8c      0x112 MCAL/DIO/DIO_PROGRAM.o
                0x00000a8c                DIO_setPinDir
 .text.DIO_readPinValue
                0x00000b9e       0x6c MCAL/DIO/DIO_PROGRAM.o
                0x00000b9e                DIO_readPinValue
 .text.DIO_togglePin
                0x00000c0a       0x2c MCAL/DIO/DIO_PROGRAM.o
                0x00000c0a                DIO_togglePin
 .text.EXT0_init
                0x00000c36       0x4e MCAL/EXT/EXT_PROGRAM.o
                0x00000c36                EXT0_init
 .text.EXT_setCallbackInt0
                0x00000c84        0xa MCAL/EXT/EXT_PROGRAM.o
                0x00000c84                EXT_setCallbackInt0
 .text.__vector_1
                0x00000c8e       0x4e MCAL/EXT/EXT_PROGRAM.o
                0x00000c8e                __vector_1
 .text.__vector_2
                0x00000cdc       0x4e MCAL/EXT/EXT_PROGRAM.o
                0x00000cdc                __vector_2
 .text.GI_enable
                0x00000d2a        0x8 MCAL/GI/GI_PROGRAM.o
                0x00000d2a                GI_enable
 .text.I2C_init
                0x00000d32       0x18 MCAL/I2C/I2C_PROGRAM.o
                0x00000d32                I2C_init
 .text.TIMER0_start
                0x00000d4a       0xa8 MCAL/TIMER0/TIMER0_PROGRAM.o
                0x00000d4a                TIMER0_start
 .text.__vector_11
                0x00000df2       0x4e MCAL/TIMER0/TIMER0_PROGRAM.o
                0x00000df2                __vector_11
 .text.TIMER0_initCTCMode
                0x00000e40       0x26 MCAL/TIMER0/TIMER0_PROGRAM.o
                0x00000e40                TIMER0_initCTCMode
 .text.TIMER0_setOCR
                0x00000e66        0x4 MCAL/TIMER0/TIMER0_PROGRAM.o
                0x00000e66                TIMER0_setOCR
 .text.TIMER0_setCallbackCTC
                0x00000e6a        0xa MCAL/TIMER0/TIMER0_PROGRAM.o
                0x00000e6a                TIMER0_setCallbackCTC
 .text.__vector_10
                0x00000e74       0x4e MCAL/TIMER0/TIMER0_PROGRAM.o
                0x00000e74                __vector_10
 .text.TIMER1_initCTCMode
                0x00000ec2       0x24 MCAL/TIMER1/TIMER1_PROGRAM.o
                0x00000ec2                TIMER1_initCTCMode
 .text.TIMER1_setOCR
                0x00000ee6        0x6 MCAL/TIMER1/TIMER1_PROGRAM.o
                0x00000ee6                TIMER1_setOCR
 .text.TIMER1_start
                0x00000eec       0xa8 MCAL/TIMER1/TIMER1_PROGRAM.o
                0x00000eec                TIMER1_start
 .text.TIMER1_setCallbackCTC
                0x00000f94        0xa MCAL/TIMER1/TIMER1_PROGRAM.o
                0x00000f94                TIMER1_setCallbackCTC
 .text.__vector_7
                0x00000f9e       0x4e MCAL/TIMER1/TIMER1_PROGRAM.o
                0x00000f9e                __vector_7
 .text.avr-libc.fplib
                0x00000fec       0x5e c:/program files (x86)/atmel/studio/7.0/toolchain/avr8/avr8-gnu-toolchain/bin/../lib/gcc/avr/5.4.0/../../../../avr/lib/avr5\libm.a(fixunssfsi.o)
                0x00000fec                __fixunssfsi
 .text.avr-libc.fplib
                0x0000104a       0x7a c:/program files (x86)/atmel/studio/7.0/toolchain/avr8/avr8-gnu-toolchain/bin/../lib/gcc/avr/5.4.0/../../../../avr/lib/avr5\libm.a(floatsisf.o)
                0x0000104a                __floatunsisf
                0x0000104e                __floatsisf
 .text.avr-libc.fplib
                0x000010c4        0xc c:/program files (x86)/atmel/studio/7.0/toolchain/avr8/avr8-gnu-toolchain/bin/../lib/gcc/avr/5.4.0/../../../../avr/lib/avr5\libm.a(fp_inf.o)
                0x000010c4                __fp_inf
 .text.avr-libc.fplib
                0x000010d0        0x6 c:/program files (x86)/atmel/studio/7.0/toolchain/avr8/avr8-gnu-toolchain/bin/../lib/gcc/avr/5.4.0/../../../../avr/lib/avr5\libm.a(fp_nan.o)
                0x000010d0                __fp_nan
 .text.avr-libc.fplib
                0x000010d6        0xe c:/program files (x86)/atmel/studio/7.0/toolchain/avr8/avr8-gnu-toolchain/bin/../lib/gcc/avr/5.4.0/../../../../avr/lib/avr5\libm.a(fp_pscA.o)
                0x000010d6                __fp_pscA
 .text.avr-libc.fplib
                0x000010e4        0xe c:/program files (x86)/atmel/studio/7.0/toolchain/avr8/avr8-gnu-toolchain/bin/../lib/gcc/avr/5.4.0/../../../../avr/lib/avr5\libm.a(fp_pscB.o)
                0x000010e4                __fp_pscB
 .text.avr-libc.fplib
                0x000010f2       0x22 c:/program files (x86)/atmel/studio/7.0/toolchain/avr8/avr8-gnu-toolchain/bin/../lib/gcc/avr/5.4.0/../../../../avr/lib/avr5\libm.a(fp_round.o)
                0x000010f2                __fp_round
 .text.avr-libc.fplib
                0x00001114       0x44 c:/program files (x86)/atmel/studio/7.0/toolchain/avr8/avr8-gnu-toolchain/bin/../lib/gcc/avr/5.4.0/../../../../avr/lib/avr5\libm.a(fp_split3.o)
                0x00001114                __fp_split3
                0x00001124                __fp_splitA
 .text.avr-libc.fplib
                0x00001158        0xe c:/program files (x86)/atmel/studio/7.0/toolchain/avr8/avr8-gnu-toolchain/bin/../lib/gcc/avr/5.4.0/../../../../avr/lib/avr5\libm.a(fp_zero.o)
                0x00001158                __fp_zero
                0x0000115a                __fp_szero
 .text.avr-libc.fplib
                0x00001166        0x8 c:/program files (x86)/atmel/studio/7.0/toolchain/avr8/avr8-gnu-toolchain/bin/../lib/gcc/avr/5.4.0/../../../../avr/lib/avr5\libm.a(mulsf3.o)
                0x00001166                __mulsf3
 .text.avr-libc.fplib
                0x0000116e       0xd2 c:/program files (x86)/atmel/studio/7.0/toolchain/avr8/avr8-gnu-toolchain/bin/../lib/gcc/avr/5.4.0/../../../../avr/lib/avr5\libm.a(mulsf3x.o)
                0x0000118c                __mulsf3x
                0x00001192                __mulsf3_pse
 .text.libgcc.div
                0x00001240       0x28 c:/program files (x86)/atmel/studio/7.0/toolchain/avr8/avr8-gnu-toolchain/bin/../lib/gcc/avr/5.4.0/avr5\libgcc.a(_udivmodhi4.o)
                0x00001240                __udivmodhi4
 .text.libgcc.div
                0x00001268       0x28 c:/program files (x86)/atmel/studio/7.0/toolchain/avr8/avr8-gnu-toolchain/bin/../lib/gcc/avr/5.4.0/avr5\libgcc.a(_divmodhi4.o)
                0x00001268                _div
                0x00001268                __divmodhi4
 .text.libgcc.mul
                0x00001290       0x1e c:/program files (x86)/atmel/studio/7.0/toolchain/avr8/avr8-gnu-toolchain/bin/../lib/gcc/avr/5.4.0/avr5\libgcc.a(_umulhisi3.o)
                0x00001290                __umulhisi3
                0x000012ae                . = ALIGN (0x2)
 *(.fini9)
 .fini9         0x000012ae        0x0 c:/program files (x86)/atmel/studio/7.0/toolchain/avr8/avr8-gnu-toolchain/bin/../lib/gcc/avr/5.4.0/avr5\libgcc.a(_exit.o)
                0x000012ae                _exit
                0x000012ae                exit
 *(.fini9)
 *(.fini8)
 *(.fini8)
 *(.fini7)
 *(.fini7)
 *(.fini6)
 *(.fini6)
 *(.fini5)
 *(.fini5)
 *(.fini4)
 *(.fini4)
 *(.fini3)
 *(.fini3)
 *(.fini2)
 *(.fini2)
 *(.fini1)
 *(.fini1)
 *(.fini0)
 .fini0         0x000012ae        0x4 c:/program files (x86)/atmel/studio/7.0/toolchain/avr8/avr8-gnu-toolchain/bin/../lib/gcc/avr/5.4.0/avr5\libgcc.a(_exit.o)
 *(.fini0)
                0x000012b2                _etext = .

.data           0x00800060       0x28 load address 0x000012b2
                0x00800060                PROVIDE (__data_start, .)
 *(.data)
 *(.data*)
 *(.gnu.linkonce.d*)
 *(.rodata)
 *(.rodata*)
 .rodata.str1.1
                0x00800060       0x28 APP/main.o
 *(.gnu.linkonce.r*)
                0x00800088                . = ALIGN (0x2)
                0x00800088                _edata = .
                0x00800088                PROVIDE (__data_end, .)

.bss            0x00800088       0x27
                0x00800088                PROVIDE (__bss_start, .)
 *(.bss)
 *(.bss*)
 .bss.counter.1845
                0x00800088        0x2 APP/main.o
 .bss.ADC_counter
                0x0080008a        0x1 APP/main.o
                0x0080008a                ADC_counter
 .bss.led_flag  0x0080008b        0x1 APP/main.o
                0x0080008b                led_flag
 .bss.TIMER1_flag
                0x0080008c        0x1 APP/main.o
                0x0080008c                TIMER1_flag
 .bss.counter1  0x0080008d        0x2 APP/main.o
                0x0080008d                counter1
 .bss.lcd_flag  0x0080008f        0x1 APP/main.o
                0x0080008f                lcd_flag
 .bss.button_mode
                0x00800090        0x1 APP/main.o
                0x00800090                button_mode
 .bss.on_off_mode
                0x00800091        0x1 APP/main.o
                0x00800091                on_off_mode
 *(COMMON)
 COMMON         0x00800092       0x13 APP/main.o
                0x00800092                arr
                0x0080009c                desired_temp
                0x0080009e                actual_temp_analog
                0x008000a2                actual_temp
                0x008000a4                actual_temp_celesius
 COMMON         0x008000a5        0x4 MCAL/EXT/EXT_PROGRAM.o
                0x008000a5                INT0_ptr
                0x008000a7                INT1_ptr
 COMMON         0x008000a9        0x4 MCAL/TIMER0/TIMER0_PROGRAM.o
                0x008000a9                CTC_ptr
                0x008000ab                OV_ptr
 COMMON         0x008000ad        0x2 MCAL/TIMER1/TIMER1_PROGRAM.o
                0x008000ad                T1_CTC_ptr
                0x008000af                PROVIDE (__bss_end, .)
                0x000012b2                __data_load_start = LOADADDR (.data)
                0x000012da                __data_load_end = (__data_load_start + SIZEOF (.data))

.noinit         0x008000af        0x0
                [!provide]                PROVIDE (__noinit_start, .)
 *(.noinit*)
                [!provide]                PROVIDE (__noinit_end, .)
                0x008000af                _end = .
                [!provide]                PROVIDE (__heap_start, .)

.eeprom         0x00810000        0x0
 *(.eeprom*)
                0x00810000                __eeprom_end = .

.fuse
 *(.fuse)
 *(.lfuse)
 *(.hfuse)
 *(.efuse)

.lock
 *(.lock*)

.signature
 *(.signature*)

.user_signatures
 *(.user_signatures*)

.stab
 *(.stab)

.stabstr
 *(.stabstr)

.stab.excl
 *(.stab.excl)

.stab.exclstr
 *(.stab.exclstr)

.stab.index
 *(.stab.index)

.stab.indexstr
 *(.stab.indexstr)

.comment        0x00000000       0x30
 *(.comment)
 .comment       0x00000000       0x30 APP/main.o
                                 0x31 (size before relaxing)
 .comment       0x00000030       0x31 HAL/BUTTONS/BUTTONS_PROGRAM.o
 .comment       0x00000030       0x31 HAL/EEPROM/EEPROM_PROGRAM.o
 .comment       0x00000030       0x31 HAL/ELEMENTS/ELEMENTS_PROG.o
 .comment       0x00000030       0x31 HAL/LCD/LCD_PROGRAM.o
 .comment       0x00000030       0x31 MCAL/ADC/ADC_PROGRAM.o
 .comment       0x00000030       0x31 MCAL/DIO/DIO_PROGRAM.o
 .comment       0x00000030       0x31 MCAL/EXT/EXT_PROGRAM.o
 .comment       0x00000030       0x31 MCAL/GI/GI_PROGRAM.o
 .comment       0x00000030       0x31 MCAL/I2C/I2C_PROGRAM.o
 .comment       0x00000030       0x31 MCAL/TIMER0/TIMER0_PROGRAM.o
 .comment       0x00000030       0x31 MCAL/TIMER1/TIMER1_PROGRAM.o

.note.gnu.avr.deviceinfo
                0x00000000       0x3c
 .note.gnu.avr.deviceinfo
                0x00000000       0x3c C:/Program Files (x86)/Atmel/Studio/7.0/Packs/atmel/ATmega_DFP/1.7.374/gcc/dev/atmega32/avr5/crtatmega32.o

.note.gnu.build-id
 *(.note.gnu.build-id)

.debug
 *(.debug)

.line
 *(.line)

.debug_srcinfo
 *(.debug_srcinfo)

.debug_sfnames
 *(.debug_sfnames)

.debug_aranges  0x00000000      0x308
 *(.debug_aranges)
 .debug_aranges
                0x00000000       0x38 APP/main.o
 .debug_aranges
                0x00000038       0x20 HAL/BUTTONS/BUTTONS_PROGRAM.o
 .debug_aranges
                0x00000058       0x30 HAL/EEPROM/EEPROM_PROGRAM.o
 .debug_aranges
                0x00000088       0x20 HAL/ELEMENTS/ELEMENTS_PROG.o
 .debug_aranges
                0x000000a8       0x58 HAL/LCD/LCD_PROGRAM.o
 .debug_aranges
                0x00000100       0x30 MCAL/ADC/ADC_PROGRAM.o
 .debug_aranges
                0x00000130       0x40 MCAL/DIO/DIO_PROGRAM.o
 .debug_aranges
                0x00000170       0x50 MCAL/EXT/EXT_PROGRAM.o
 .debug_aranges
                0x000001c0       0x28 MCAL/GI/GI_PROGRAM.o
 .debug_aranges
                0x000001e8       0x38 MCAL/I2C/I2C_PROGRAM.o
 .debug_aranges
                0x00000220       0x88 MCAL/TIMER0/TIMER0_PROGRAM.o
 .debug_aranges
                0x000002a8       0x60 MCAL/TIMER1/TIMER1_PROGRAM.o

.debug_pubnames
 *(.debug_pubnames)

.debug_info     0x00000000     0x2211
 *(.debug_info .gnu.linkonce.wi.*)
 .debug_info    0x00000000      0x4e6 C:/Program Files (x86)/Atmel/Studio/7.0/Packs/atmel/ATmega_DFP/1.7.374/gcc/dev/atmega32/avr5/crtatmega32.o
 .debug_info    0x000004e6      0x847 APP/main.o
 .debug_info    0x00000d2d       0xcd HAL/BUTTONS/BUTTONS_PROGRAM.o
 .debug_info    0x00000dfa      0x141 HAL/EEPROM/EEPROM_PROGRAM.o
 .debug_info    0x00000f3b       0xb5 HAL/ELEMENTS/ELEMENTS_PROG.o
 .debug_info    0x00000ff0      0x771 HAL/LCD/LCD_PROGRAM.o
 .debug_info    0x00001761       0xee MCAL/ADC/ADC_PROGRAM.o
 .debug_info    0x0000184f      0x1c8 MCAL/DIO/DIO_PROGRAM.o
 .debug_info    0x00001a17      0x1a1 MCAL/EXT/EXT_PROGRAM.o
 .debug_info    0x00001bb8       0x96 MCAL/GI/GI_PROGRAM.o
 .debug_info    0x00001c4e      0x169 MCAL/I2C/I2C_PROGRAM.o
 .debug_info    0x00001db7      0x297 MCAL/TIMER0/TIMER0_PROGRAM.o
 .debug_info    0x0000204e      0x1c3 MCAL/TIMER1/TIMER1_PROGRAM.o

.debug_abbrev   0x00000000      0xe83
 *(.debug_abbrev)
 .debug_abbrev  0x00000000      0x4a3 C:/Program Files (x86)/Atmel/Studio/7.0/Packs/atmel/ATmega_DFP/1.7.374/gcc/dev/atmega32/avr5/crtatmega32.o
 .debug_abbrev  0x000004a3      0x122 APP/main.o
 .debug_abbrev  0x000005c5       0x7a HAL/BUTTONS/BUTTONS_PROGRAM.o
 .debug_abbrev  0x0000063f       0xf7 HAL/EEPROM/EEPROM_PROGRAM.o
 .debug_abbrev  0x00000736       0x7a HAL/ELEMENTS/ELEMENTS_PROG.o
 .debug_abbrev  0x000007b0      0x1aa HAL/LCD/LCD_PROGRAM.o
 .debug_abbrev  0x0000095a       0xa3 MCAL/ADC/ADC_PROGRAM.o
 .debug_abbrev  0x000009fd       0xba MCAL/DIO/DIO_PROGRAM.o
 .debug_abbrev  0x00000ab7       0xaf MCAL/EXT/EXT_PROGRAM.o
 .debug_abbrev  0x00000b66       0x4f MCAL/GI/GI_PROGRAM.o
 .debug_abbrev  0x00000bb5       0xd0 MCAL/I2C/I2C_PROGRAM.o
 .debug_abbrev  0x00000c85      0x110 MCAL/TIMER0/TIMER0_PROGRAM.o
 .debug_abbrev  0x00000d95       0xee MCAL/TIMER1/TIMER1_PROGRAM.o

.debug_line     0x00000000     0x17fe
 *(.debug_line .debug_line.* .debug_line_end)
 .debug_line    0x00000000      0x116 C:/Program Files (x86)/Atmel/Studio/7.0/Packs/atmel/ATmega_DFP/1.7.374/gcc/dev/atmega32/avr5/crtatmega32.o
 .debug_line    0x00000116      0x4d0 APP/main.o
 .debug_line    0x000005e6       0x7d HAL/BUTTONS/BUTTONS_PROGRAM.o
 .debug_line    0x00000663      0x181 HAL/EEPROM/EEPROM_PROGRAM.o
 .debug_line    0x000007e4       0x76 HAL/ELEMENTS/ELEMENTS_PROG.o
 .debug_line    0x0000085a      0x380 HAL/LCD/LCD_PROGRAM.o
 .debug_line    0x00000bda      0x17e MCAL/ADC/ADC_PROGRAM.o
 .debug_line    0x00000d58      0x1eb MCAL/DIO/DIO_PROGRAM.o
 .debug_line    0x00000f43      0x1a0 MCAL/EXT/EXT_PROGRAM.o
 .debug_line    0x000010e3       0x77 MCAL/GI/GI_PROGRAM.o
 .debug_line    0x0000115a      0x1ad MCAL/I2C/I2C_PROGRAM.o
 .debug_line    0x00001307      0x2cb MCAL/TIMER0/TIMER0_PROGRAM.o
 .debug_line    0x000015d2      0x22c MCAL/TIMER1/TIMER1_PROGRAM.o

.debug_frame    0x00000000      0x684
 *(.debug_frame)
 .debug_frame   0x00000000       0x60 APP/main.o
 .debug_frame   0x00000060       0x24 HAL/BUTTONS/BUTTONS_PROGRAM.o
 .debug_frame   0x00000084       0x44 HAL/EEPROM/EEPROM_PROGRAM.o
 .debug_frame   0x000000c8       0x24 HAL/ELEMENTS/ELEMENTS_PROG.o
 .debug_frame   0x000000ec       0xdc HAL/LCD/LCD_PROGRAM.o
 .debug_frame   0x000001c8       0x44 MCAL/ADC/ADC_PROGRAM.o
 .debug_frame   0x0000020c       0x6c MCAL/DIO/DIO_PROGRAM.o
 .debug_frame   0x00000278      0x114 MCAL/EXT/EXT_PROGRAM.o
 .debug_frame   0x0000038c       0x34 MCAL/GI/GI_PROGRAM.o
 .debug_frame   0x000003c0       0x54 MCAL/I2C/I2C_PROGRAM.o
 .debug_frame   0x00000414      0x184 MCAL/TIMER0/TIMER0_PROGRAM.o
 .debug_frame   0x00000598       0xec MCAL/TIMER1/TIMER1_PROGRAM.o

.debug_str      0x00000000      0x90c
 *(.debug_str)
 .debug_str     0x00000000      0x196 C:/Program Files (x86)/Atmel/Studio/7.0/Packs/atmel/ATmega_DFP/1.7.374/gcc/dev/atmega32/avr5/crtatmega32.o
 .debug_str     0x00000196      0x398 APP/main.o
                                0x3d4 (size before relaxing)
 .debug_str     0x0000052e       0x21 HAL/BUTTONS/BUTTONS_PROGRAM.o
                                0x163 (size before relaxing)
 .debug_str     0x0000054f       0x4c HAL/EEPROM/EEPROM_PROGRAM.o
                                0x1a0 (size before relaxing)
 .debug_str     0x0000059b       0x20 HAL/ELEMENTS/ELEMENTS_PROG.o
                                0x163 (size before relaxing)
 .debug_str     0x000005bb       0x8a HAL/LCD/LCD_PROGRAM.o
                                0x259 (size before relaxing)
 .debug_str     0x00000645       0x27 MCAL/ADC/ADC_PROGRAM.o
                                0x172 (size before relaxing)
 .debug_str     0x0000066c       0x45 MCAL/DIO/DIO_PROGRAM.o
                                0x1a9 (size before relaxing)
 .debug_str     0x000006b1       0x6a MCAL/EXT/EXT_PROGRAM.o
                                0x1b5 (size before relaxing)
 .debug_str     0x0000071b       0x23 MCAL/GI/GI_PROGRAM.o
                                0x154 (size before relaxing)
 .debug_str     0x0000073e       0x57 MCAL/I2C/I2C_PROGRAM.o
                                0x1a7 (size before relaxing)
 .debug_str     0x00000795       0xf9 MCAL/TIMER0/TIMER0_PROGRAM.o
                                0x26c (size before relaxing)
 .debug_str     0x0000088e       0x7e MCAL/TIMER1/TIMER1_PROGRAM.o
                                0x20f (size before relaxing)

.debug_loc      0x00000000     0x12b1
 *(.debug_loc)
 .debug_loc     0x00000000       0x2f APP/main.o
 .debug_loc     0x0000002f       0x53 HAL/EEPROM/EEPROM_PROGRAM.o
 .debug_loc     0x00000082      0x4f2 HAL/LCD/LCD_PROGRAM.o
 .debug_loc     0x00000574       0xbb MCAL/ADC/ADC_PROGRAM.o
 .debug_loc     0x0000062f      0x3f3 MCAL/DIO/DIO_PROGRAM.o
 .debug_loc     0x00000a22      0x2a8 MCAL/EXT/EXT_PROGRAM.o
 .debug_loc     0x00000cca      0x113 MCAL/I2C/I2C_PROGRAM.o
 .debug_loc     0x00000ddd      0x2f0 MCAL/TIMER0/TIMER0_PROGRAM.o
 .debug_loc     0x000010cd      0x1e4 MCAL/TIMER1/TIMER1_PROGRAM.o

.debug_macinfo
 *(.debug_macinfo)

.debug_weaknames
 *(.debug_weaknames)

.debug_funcnames
 *(.debug_funcnames)

.debug_typenames
 *(.debug_typenames)

.debug_varnames
 *(.debug_varnames)

.debug_pubtypes
 *(.debug_pubtypes)

.debug_ranges   0x00000000      0x248
 *(.debug_ranges)
 .debug_ranges  0x00000000       0x28 APP/main.o
 .debug_ranges  0x00000028       0x10 HAL/BUTTONS/BUTTONS_PROGRAM.o
 .debug_ranges  0x00000038       0x20 HAL/EEPROM/EEPROM_PROGRAM.o
 .debug_ranges  0x00000058       0x10 HAL/ELEMENTS/ELEMENTS_PROG.o
 .debug_ranges  0x00000068       0x48 HAL/LCD/LCD_PROGRAM.o
 .debug_ranges  0x000000b0       0x20 MCAL/ADC/ADC_PROGRAM.o
 .debug_ranges  0x000000d0       0x30 MCAL/DIO/DIO_PROGRAM.o
 .debug_ranges  0x00000100       0x40 MCAL/EXT/EXT_PROGRAM.o
 .debug_ranges  0x00000140       0x18 MCAL/GI/GI_PROGRAM.o
 .debug_ranges  0x00000158       0x28 MCAL/I2C/I2C_PROGRAM.o
 .debug_ranges  0x00000180       0x78 MCAL/TIMER0/TIMER0_PROGRAM.o
 .debug_ranges  0x000001f8       0x50 MCAL/TIMER1/TIMER1_PROGRAM.o

.debug_macro
 *(.debug_macro)
OUTPUT(Study.elf elf32-avr)
LOAD linker stubs
